 Abaqus/Standard 2024                  DATE 28-Jul-2026 TIME 18:14:50
 SUMMARY OF JOB INFORMATION:
 STEP  INC ATT SEVERE EQUIL TOTAL  TOTAL      STEP       INC OF       DOF    IF
               DISCON ITERS ITERS  TIME/    TIME/LPF    TIME/LPF    MONITOR RIKS
               ITERS               FREQ
   1     1   1     0     1     1  0.00500    0.00500    0.005000  
   1     2   1     0     1     1  0.0100     0.0100     0.005000  
   1     3   1     0     1     1  0.0175     0.0175     0.007500  
   1     4   1     0     1     1  0.0288     0.0288     0.01125   
   1     5   1     0     1     1  0.0456     0.0456     0.01688   
   1     6   1     0     1     1  0.0656     0.0656     0.02000   
   1     7   1     0     1     1  0.0856     0.0856     0.02000   
   1     8   1     0     1     1  0.106      0.106      0.02000   
   1     9   1     0     1     1  0.126      0.126      0.02000   
   1    10   1     0     1     1  0.146      0.146      0.02000   
   1    11   1     0     1     1  0.166      0.166      0.02000   
   1    12   1     0     1     1  0.186      0.186      0.02000   
   1    13   1     0     2     2  0.206      0.206      0.02000   
   1    14   1     0     1     1  0.226      0.226      0.02000   
   1    15   1     0     2     2  0.246      0.246      0.02000   
   1    16   1     0     1     1  0.266      0.266      0.02000   
   1    17   1     0     2     2  0.286      0.286      0.02000   
   1    18   1     0     1     1  0.306      0.306      0.02000   
   1    19   1     0     2     2  0.326      0.326      0.02000   
   1    20   1     0     1     1  0.346      0.346      0.02000   
   1    21   1     0     2     2  0.366      0.366      0.02000   
   1    22   1     0     1     1  0.386      0.386      0.02000   
   1    23   1     0     2     2  0.406      0.406      0.02000   
   1    24   1     0     1     1  0.426      0.426      0.02000   
   1    25   1     0     2     2  0.446      0.446      0.02000   
   1    26   1     0     1     1  0.466      0.466      0.02000   
   1    27   1     0     1     1  0.486      0.486      0.02000   
   1    28   1     0     1     1  0.506      0.506      0.02000   
   1    29   1     0     1     1  0.526      0.526      0.02000   
   1    30   1     0     1     1  0.546      0.546      0.02000   
   1    31   1     0     2     2  0.566      0.566      0.02000   
   1    32   1     0     1     1  0.586      0.586      0.02000   
   1    33   1     0     1     1  0.606      0.606      0.02000   
   1    34   1     0     1     1  0.626      0.626      0.02000   
   1    35   1     0     1     1  0.646      0.646      0.02000   
   1    36   1     0     1     1  0.666      0.666      0.02000   
   1    37   1     0     1     1  0.686      0.686      0.02000   
   1    38   1     0     1     1  0.706      0.706      0.02000   
   1    39   1     0     1     1  0.726      0.726      0.02000   
   1    40   1     0     1     1  0.746      0.746      0.02000   
   1    41   1     0     1     1  0.766      0.766      0.02000   
   1    42   1     0     1     1  0.786      0.786      0.02000   
   1    43   1     0     1     1  0.806      0.806      0.02000   
   1    44   1     0     1     1  0.826      0.826      0.02000   
   1    45   1     0     1     1  0.846      0.846      0.02000   
   1    46   1     0     1     1  0.866      0.866      0.02000   
   1    47   1     0     1     1  0.886      0.886      0.02000   
   1    48   1     0     1     1  0.906      0.906      0.02000   
   1    49   1     0     1     1  0.926      0.926      0.02000   
   1    50   1     0     1     1  0.946      0.946      0.02000   
   1    51   1     0     1     1  0.966      0.966      0.02000   
   1    52   1     0     1     1  0.986      0.986      0.02000   
   1    53   1     0     1     1  1.00       1.00       0.01437   
                          
 THE ANALYSIS HAS COMPLETED SUCCESSFULLY
